// Jest Snapshot v1, https://goo.gl/fbAQLP

exports[`<BackgroundImage /> should call critical fixed images 1`] = `
<div>
  <div
    class="fixedImage gatsby-background-image-test gatsby-image-wrapper"
    style="position: relative; overflow: hidden; display: inline; width: 100px; height: 100px; opacity: 0.99;"
  >
    <style>
      
          .gatsby-background-image-test:before,
          .gatsby-background-image-test:after {
            content: '';
            display: block;
            position: absolute;
            width: 100%;
            height: 100%;
            top: 0;
            left: 0;
            -webkit-background-size: cover;
            -moz-background-size: cover;
            -o-background-size: cover;
            background-size: cover;
            -webkit-transition-delay: 0.25s;
            -moz-transition-delay: 0.25s;
            -o-transition-delay: 0.25s;
            transition-delay: 0.25s;
            -webkit-transition: opacity 0.5s;
            -moz-transition: opacity 0.5s;
            -o-transition: opacity 0.5s;
            transition: opacity 0.5s;
          }
          .gatsby-background-image-test:before {
            z-index: -100;
            
            background-repeat: 'repeat-y';
            background-color: lightgray;
            opacity: 0; 
          }
          .gatsby-background-image-test:after {
            z-index: -101;
            background-color: lightgray;
            background-image: url(test_fixed_image.jpg);
            background-repeat: 'repeat-y';
          }
        
    </style>
    <noscript>
      &lt;picture&gt;&lt;source type='image/webp' srcset="some srcSetWebp" /&gt;&lt;img width="100" height="100" srcset="some srcSet" src="test_fixed_image.jpg" alt="Alt text for the image" title="Title for the image" style="position:absolute;top:0;left:0;transition:opacity 0.5s;transition-delay:0.5s;opacity:1;width:100%;height:100%;object-fit:cover;object-position:center"/&gt;&lt;/picture&gt;
    </noscript>
    <h1>
      test
    </h1>
  </div>
</div>
`;

exports[`<BackgroundImage /> should call critical fluid images 1`] = `
<div>
  <div
    class="fixedImage gatsby-background-image-test gatsby-image-wrapper"
    style="position: relative; overflow: hidden; opacity: 0.99; display: inline;"
  >
    <style>
      
          .gatsby-background-image-test:before,
          .gatsby-background-image-test:after {
            content: '';
            display: block;
            position: absolute;
            width: 100%;
            height: 100%;
            top: 0;
            left: 0;
            -webkit-background-size: cover;
            -moz-background-size: cover;
            -o-background-size: cover;
            background-size: cover;
            -webkit-transition-delay: 0.25s;
            -moz-transition-delay: 0.25s;
            -o-transition-delay: 0.25s;
            transition-delay: 0.25s;
            -webkit-transition: opacity 0.5s;
            -moz-transition: opacity 0.5s;
            -o-transition: opacity 0.5s;
            transition: opacity 0.5s;
          }
          .gatsby-background-image-test:before {
            z-index: -100;
            
            background-repeat: 'repeat-y';
            background-color: lightgray;
            opacity: 0; 
          }
          .gatsby-background-image-test:after {
            z-index: -101;
            background-color: lightgray;
            background-image: url(test_fluid_image.jpg);
            background-repeat: 'repeat-y';
          }
        
    </style>
    <noscript>
      &lt;picture&gt;&lt;source type='image/webp' srcset="some srcSetWebp" sizes="(max-width: 600px) 100vw, 600px" /&gt;&lt;img sizes="(max-width: 600px) 100vw, 600px" srcset="some srcSet" src="test_fluid_image.jpg" alt="Alt text for the image" title="Title for the image" style="position:absolute;top:0;left:0;transition:opacity 0.5s;transition-delay:0.5s;opacity:1;width:100%;height:100%;object-fit:cover;object-position:center"/&gt;&lt;/picture&gt;
    </noscript>
    <h1>
      test
    </h1>
  </div>
</div>
`;

exports[`<BackgroundImage /> should change style.display from 'inherit' to 'inline-block' 1`] = `
<div>
  <div
    class=" gatsby-background-image-fwatluf gatsby-image-wrapper"
    style="position: relative; overflow: hidden; width: 100px; height: 100px; opacity: 0.99;"
  >
    <style>
      
          .gatsby-background-image-fwatluf:before,
          .gatsby-background-image-fwatluf:after {
            content: '';
            display: block;
            position: absolute;
            width: 100%;
            height: 100%;
            top: 0;
            left: 0;
            -webkit-background-size: cover;
            -moz-background-size: cover;
            -o-background-size: cover;
            background-size: cover;
            -webkit-transition-delay: 0.25s;
            -moz-transition-delay: 0.25s;
            -o-transition-delay: 0.25s;
            transition-delay: 0.25s;
            -webkit-transition: opacity 0.5s;
            -moz-transition: opacity 0.5s;
            -o-transition: opacity 0.5s;
            transition: opacity 0.5s;
          }
          .gatsby-background-image-fwatluf:before {
            z-index: -100;
            
            background-repeat: no-repeat;
            
            opacity: 0; 
          }
          .gatsby-background-image-fwatluf:after {
            z-index: -101;
            
            background-image: url(string_of_base64);
            background-repeat: no-repeat;
          }
        
    </style>
    <noscript>
      &lt;picture&gt;&lt;source type='image/webp' srcset="some srcSetWebp" /&gt;&lt;img width="100" height="100" srcset="some srcSet" src="test_fixed_image.jpg" alt="" style="position:absolute;top:0;left:0;transition:opacity 0.5s;transition-delay:0.5s;opacity:1;width:100%;height:100%;object-fit:cover;object-position:center"/&gt;&lt;/picture&gt;
    </noscript>
    <h1>
      testempty
    </h1>
  </div>
</div>
`;

exports[`<BackgroundImage /> should create style tag at fixed with pseudo-elements 1`] = `
<style>
  
          .gatsby-background-image-test:before,
          .gatsby-background-image-test:after {
            content: '';
            display: block;
            position: absolute;
            width: 100%;
            height: 100%;
            top: 0;
            left: 0;
            -webkit-background-size: cover;
            -moz-background-size: cover;
            -o-background-size: cover;
            background-size: cover;
            -webkit-transition-delay: 0.25s;
            -moz-transition-delay: 0.25s;
            -o-transition-delay: 0.25s;
            transition-delay: 0.25s;
            -webkit-transition: opacity 0.5s;
            -moz-transition: opacity 0.5s;
            -o-transition: opacity 0.5s;
            transition: opacity 0.5s;
          }
          .gatsby-background-image-test:before {
            z-index: -100;
            
            background-repeat: 'repeat-y';
            background-color: lightgray;
            opacity: 0; 
          }
          .gatsby-background-image-test:after {
            z-index: -101;
            background-color: lightgray;
            background-image: url(string_of_base64);
            background-repeat: 'repeat-y';
          }
        
</style>
`;

exports[`<BackgroundImage /> should create style tag with pseudo-elements 1`] = `
<style>
  
          .gatsby-background-image-test:before,
          .gatsby-background-image-test:after {
            content: '';
            display: block;
            position: absolute;
            width: 100%;
            height: 100%;
            top: 0;
            left: 0;
            -webkit-background-size: cover;
            -moz-background-size: cover;
            -o-background-size: cover;
            background-size: cover;
            -webkit-transition-delay: 0.25s;
            -moz-transition-delay: 0.25s;
            -o-transition-delay: 0.25s;
            transition-delay: 0.25s;
            -webkit-transition: opacity 0.5s;
            -moz-transition: opacity 0.5s;
            -o-transition: opacity 0.5s;
            transition: opacity 0.5s;
          }
          .gatsby-background-image-test:before {
            z-index: -100;
            
            background-repeat: 'repeat-y';
            background-color: lightgray;
            opacity: 0; 
          }
          .gatsby-background-image-test:after {
            z-index: -101;
            background-color: lightgray;
            background-image: url(string_of_base64);
            background-repeat: 'repeat-y';
          }
        
</style>
`;

exports[`<BackgroundImage /> should render fixed size images 1`] = `
<div>
  <div
    class="fixedImage gatsby-background-image-test gatsby-image-wrapper"
    style="position: relative; overflow: hidden; display: inline; width: 100px; height: 100px; opacity: 0.99;"
  >
    <style>
      
          .gatsby-background-image-test:before,
          .gatsby-background-image-test:after {
            content: '';
            display: block;
            position: absolute;
            width: 100%;
            height: 100%;
            top: 0;
            left: 0;
            -webkit-background-size: cover;
            -moz-background-size: cover;
            -o-background-size: cover;
            background-size: cover;
            -webkit-transition-delay: 0.25s;
            -moz-transition-delay: 0.25s;
            -o-transition-delay: 0.25s;
            transition-delay: 0.25s;
            -webkit-transition: opacity 0.5s;
            -moz-transition: opacity 0.5s;
            -o-transition: opacity 0.5s;
            transition: opacity 0.5s;
          }
          .gatsby-background-image-test:before {
            z-index: -100;
            
            background-repeat: no-repeat;
            background-color: lightgray;
            opacity: 0; 
          }
          .gatsby-background-image-test:after {
            z-index: -101;
            background-color: lightgray;
            background-image: url(string_of_base64);
            background-repeat: no-repeat;
          }
        
    </style>
    <noscript>
      &lt;picture&gt;&lt;source type='image/webp' srcset="some srcSetWebp" /&gt;&lt;img width="100" height="100" srcset="some srcSet" src="test_fixed_image.jpg" alt="Alt text for the image" title="Title for the image" style="position:absolute;top:0;left:0;transition:opacity 0.5s;transition-delay:0.5s;opacity:1;width:100%;height:100%;object-fit:cover;object-position:center"/&gt;&lt;/picture&gt;
    </noscript>
    <h1>
      test
    </h1>
  </div>
</div>
`;

exports[`<BackgroundImage /> should render fluid images 1`] = `
<div>
  <div
    class="fixedImage gatsby-background-image-test gatsby-image-wrapper"
    style="position: relative; overflow: hidden; opacity: 0.99; display: inline;"
  >
    <style>
      
          .gatsby-background-image-test:before,
          .gatsby-background-image-test:after {
            content: '';
            display: block;
            position: absolute;
            width: 100%;
            height: 100%;
            top: 0;
            left: 0;
            -webkit-background-size: cover;
            -moz-background-size: cover;
            -o-background-size: cover;
            background-size: cover;
            -webkit-transition-delay: 0.25s;
            -moz-transition-delay: 0.25s;
            -o-transition-delay: 0.25s;
            transition-delay: 0.25s;
            -webkit-transition: opacity 0.5s;
            -moz-transition: opacity 0.5s;
            -o-transition: opacity 0.5s;
            transition: opacity 0.5s;
          }
          .gatsby-background-image-test:before {
            z-index: -100;
            
            background-repeat: 'repeat-y';
            background-color: lightgray;
            opacity: 0; 
          }
          .gatsby-background-image-test:after {
            z-index: -101;
            background-color: lightgray;
            background-image: url(string_of_base64);
            background-repeat: 'repeat-y';
          }
        
    </style>
    <noscript>
      &lt;picture&gt;&lt;source type='image/webp' srcset="some srcSetWebp" sizes="(max-width: 600px) 100vw, 600px" /&gt;&lt;img sizes="(max-width: 600px) 100vw, 600px" srcset="some srcSet" src="test_fluid_image.jpg" alt="Alt text for the image" title="Title for the image" style="position:absolute;top:0;left:0;transition:opacity 0.5s;transition-delay:0.5s;opacity:1;width:100%;height:100%;object-fit:cover;object-position:center"/&gt;&lt;/picture&gt;
    </noscript>
    <h1>
      test
    </h1>
  </div>
</div>
`;

exports[`<BackgroundImage /> should work with another external class 1`] = `
<div>
  <div
    class="fixedImage test gatsby-background-image-test gatsby-image-wrapper"
    style="position: relative; overflow: hidden; opacity: 0.99; display: inline;"
  >
    <style>
      
          .gatsby-background-image-test:before,
          .gatsby-background-image-test:after {
            content: '';
            display: block;
            position: absolute;
            width: 100%;
            height: 100%;
            top: 0;
            left: 0;
            -webkit-background-size: cover;
            -moz-background-size: cover;
            -o-background-size: cover;
            background-size: cover;
            -webkit-transition-delay: 0.25s;
            -moz-transition-delay: 0.25s;
            -o-transition-delay: 0.25s;
            transition-delay: 0.25s;
            -webkit-transition: opacity 0.5s;
            -moz-transition: opacity 0.5s;
            -o-transition: opacity 0.5s;
            transition: opacity 0.5s;
          }
          .gatsby-background-image-test:before {
            z-index: -100;
            
            background-repeat: 'repeat-y';
            background-color: lightgray;
            opacity: 0; 
          }
          .gatsby-background-image-test:after {
            z-index: -101;
            background-color: lightgray;
            background-image: url(string_of_base64);
            background-repeat: 'repeat-y';
          }
        
    </style>
    <noscript>
      &lt;picture&gt;&lt;source type='image/webp' srcset="some srcSetWebp" sizes="(max-width: 600px) 100vw, 600px" /&gt;&lt;img sizes="(max-width: 600px) 100vw, 600px" srcset="some srcSet" src="test_fluid_image.jpg" alt="Alt text for the image" title="Title for the image" style="position:absolute;top:0;left:0;transition:opacity 0.5s;transition-delay:0.5s;opacity:1;width:100%;height:100%;object-fit:cover;object-position:center"/&gt;&lt;/picture&gt;
    </noscript>
    <h1>
      test
    </h1>
  </div>
</div>
`;

exports[`<BackgroundImage /> should work with single external class 1`] = `
<div>
  <div
    class="fixedImage gatsby-background-image-test gatsby-image-wrapper"
    style="position: relative; overflow: hidden; opacity: 0.99; display: inline;"
  >
    <style>
      
          .gatsby-background-image-test:before,
          .gatsby-background-image-test:after {
            content: '';
            display: block;
            position: absolute;
            width: 100%;
            height: 100%;
            top: 0;
            left: 0;
            -webkit-background-size: cover;
            -moz-background-size: cover;
            -o-background-size: cover;
            background-size: cover;
            -webkit-transition-delay: 0.25s;
            -moz-transition-delay: 0.25s;
            -o-transition-delay: 0.25s;
            transition-delay: 0.25s;
            -webkit-transition: opacity 0.5s;
            -moz-transition: opacity 0.5s;
            -o-transition: opacity 0.5s;
            transition: opacity 0.5s;
          }
          .gatsby-background-image-test:before {
            z-index: -100;
            
            background-repeat: 'repeat-y';
            background-color: lightgray;
            opacity: 0; 
          }
          .gatsby-background-image-test:after {
            z-index: -101;
            background-color: lightgray;
            background-image: url(string_of_base64);
            background-repeat: 'repeat-y';
          }
        
    </style>
    <noscript>
      &lt;picture&gt;&lt;source type='image/webp' srcset="some srcSetWebp" sizes="(max-width: 600px) 100vw, 600px" /&gt;&lt;img sizes="(max-width: 600px) 100vw, 600px" srcset="some srcSet" src="test_fluid_image.jpg" alt="Alt text for the image" title="Title for the image" style="position:absolute;top:0;left:0;transition:opacity 0.5s;transition-delay:0.5s;opacity:1;width:100%;height:100%;object-fit:cover;object-position:center"/&gt;&lt;/picture&gt;
    </noscript>
    <h1>
      test
    </h1>
  </div>
</div>
`;

exports[`<BackgroundImage /> should work without external class 1`] = `
<div>
  <div
    class=" gatsby-background-image-fwatluf gatsby-image-wrapper"
    style="position: relative; overflow: hidden; opacity: 0.99;"
  >
    <style>
      
          .gatsby-background-image-fwatluf:before,
          .gatsby-background-image-fwatluf:after {
            content: '';
            display: block;
            position: absolute;
            width: 100%;
            height: 100%;
            top: 0;
            left: 0;
            -webkit-background-size: cover;
            -moz-background-size: cover;
            -o-background-size: cover;
            background-size: cover;
            -webkit-transition-delay: 0.25s;
            -moz-transition-delay: 0.25s;
            -o-transition-delay: 0.25s;
            transition-delay: 0.25s;
            -webkit-transition: opacity 0.5s;
            -moz-transition: opacity 0.5s;
            -o-transition: opacity 0.5s;
            transition: opacity 0.5s;
          }
          .gatsby-background-image-fwatluf:before {
            z-index: -100;
            
            background-repeat: no-repeat;
            
            opacity: 0; 
          }
          .gatsby-background-image-fwatluf:after {
            z-index: -101;
            
            background-image: url(string_of_base64);
            background-repeat: no-repeat;
          }
        
    </style>
    <noscript>
      &lt;picture&gt;&lt;source type='image/webp' srcset="some srcSetWebp" sizes="(max-width: 600px) 100vw, 600px" /&gt;&lt;img sizes="(max-width: 600px) 100vw, 600px" srcset="some srcSet" src="test_fluid_image.jpg" alt="" style="position:absolute;top:0;left:0;transition:opacity 0.5s;transition-delay:0.5s;opacity:1;width:100%;height:100%;object-fit:cover;object-position:center"/&gt;&lt;/picture&gt;
    </noscript>
    <h1>
      testempty
    </h1>
  </div>
</div>
`;

exports[`<BackgroundImage /> without IO should call onLoadFunction without IO 1`] = `
<div>
  <div
    class="fixedImage gatsby-background-image-test gatsby-image-wrapper"
    style="position: relative; overflow: hidden; opacity: 0.99; display: inline;"
  >
    <style>
      
          .gatsby-background-image-test:before,
          .gatsby-background-image-test:after {
            content: '';
            display: block;
            position: absolute;
            width: 100%;
            height: 100%;
            top: 0;
            left: 0;
            -webkit-background-size: cover;
            -moz-background-size: cover;
            -o-background-size: cover;
            background-size: cover;
            -webkit-transition-delay: 0.25s;
            -moz-transition-delay: 0.25s;
            -o-transition-delay: 0.25s;
            transition-delay: 0.25s;
            -webkit-transition: opacity 0.5s;
            -moz-transition: opacity 0.5s;
            -o-transition: opacity 0.5s;
            transition: opacity 0.5s;
          }
          .gatsby-background-image-test:before {
            z-index: -100;
            
            background-repeat: 'repeat-y';
            background-color: lightgray;
            opacity: 0; 
          }
          .gatsby-background-image-test:after {
            z-index: -101;
            background-color: lightgray;
            background-image: url(test_fluid_image.jpg);
            background-repeat: 'repeat-y';
          }
        
    </style>
    <noscript>
      &lt;picture&gt;&lt;source type='image/webp' srcset="some srcSetWebp" sizes="(max-width: 600px) 100vw, 600px" /&gt;&lt;img sizes="(max-width: 600px) 100vw, 600px" srcset="some srcSet" src="test_fluid_image.jpg" alt="Alt text for the image" title="Title for the image" style="position:absolute;top:0;left:0;transition:opacity 0.5s;transition-delay:0.5s;opacity:1;width:100%;height:100%;object-fit:cover;object-position:center"/&gt;&lt;/picture&gt;
    </noscript>
    <h1>
      test
    </h1>
  </div>
</div>
`;
